// Jest Snapshot v1, https://goo.gl/fbAQLP

exports[`Tile should render Tile component 1`] = `
<button
  className="tile undefined"
/>
`;